A51 MACRO ASSEMBLER  MAIN                                                                 11/01/2021 08:00:03 PAGE     1


MACRO ASSEMBLER A51 V8.2.7.0
OBJECT MODULE PLACED IN .\Objects\main.obj
ASSEMBLER INVOKED BY: E:\Long\Keil5\C51\BIN\A51.EXE main.a51 SET(SMALL) DEBUG PRINT(.\Listings\main.lst) OBJECT(.\Object
                      s\main.obj) EP

LOC  OBJ            LINE     SOURCE

0000                   1     ORG 0000h
0000 7590FF            2             MOV P1, #0ffh 
0003 758000            3             MOV P0 ,#00
0006                   4     POLL:
0006 E590              5             MOV A,P1
0008 B40003            6             CJNE A,#00h,ALARM
000B 020006            7             LJMP POLL
000E                   8     ALARM :
000E D287              9             SETB P0.7
0010                  10     END_LOOP:
0010 020010           11             LJMP END_LOOP
                      12     END
A51 MACRO ASSEMBLER  MAIN                                                                 11/01/2021 08:00:03 PAGE     2

SYMBOL TABLE LISTING
------ ----- -------


N A M E             T Y P E  V A L U E   ATTRIBUTES

ALARM. . . . . . .  C ADDR   000EH   A   
END_LOOP . . . . .  C ADDR   0010H   A   
P0 . . . . . . . .  D ADDR   0080H   A   
P1 . . . . . . . .  D ADDR   0090H   A   
POLL . . . . . . .  C ADDR   0006H   A   


REGISTER BANK(S) USED: 0 


ASSEMBLY COMPLETE.  0 WARNING(S), 0 ERROR(S)
